// Vitest Snapshot v1, https://vitest.dev/guide/snapshot.html

exports[`Manifest > validates a full package.json 1`] = `
Manifest {
  "author": {
    "email": "test@example.com",
    "name": "Test Author",
  },
  "bin": {
    "my-cli": "./cli.js",
  },
  "bugs": {
    "url": "https://github.com/org/package/issues",
  },
  "dependencies": {
    "effect": "^3.0.0",
  },
  "description": "A test package",
  "devDependencies": {
    "vitest": "^1.0.0",
  },
  "engines": {
    "node": ">=20",
    "pnpm": ">=8",
  },
  "exports": {
    ".": "./index.js",
    "./sub": "./sub/index.js",
  },
  "files": [
    "dist",
    "README.md",
  ],
  "homepage": "https://example.com",
  "imports": {
    "#internal": "./src/internal.js",
  },
  "keywords": [
    "test",
    "package",
  ],
  "license": "MIT",
  "madge": {
    "detectiveOptions": {
      "ts": {
        "skipTypeImports": true,
      },
    },
  },
  "main": "index.js",
  "name": "@org/package",
  "optionalDependencies": {
    "optional-lib": "^1.0.0",
  },
  "packageManager": "pnpm@8.0.0",
  "peerDependencies": {
    "react": "^18.0.0",
  },
  "private": false,
  "repository": {
    "type": "git",
    "url": "https://github.com/org/package.git",
  },
  "scripts": {
    "build": "tsc",
    "test": "vitest",
  },
  "type": "module",
  "version": OfficialRelease {
    "_tag": "SemverOfficialRelease",
    "build": undefined,
    "major": 2,
    "minor": 0,
    "patch": 0,
    "version": Version {
      "build": undefined,
      "major": 2,
      "minor": 0,
      "patch": 0,
      "prerelease": undefined,
      "raw": "2.0.0",
    },
  },
  "workspaces": [
    "packages/*",
  ],
}
`;

exports[`Manifest > validates a minimal package.json 1`] = `
Manifest {
  "name": "test-package",
  "version": OfficialRelease {
    "_tag": "SemverOfficialRelease",
    "build": undefined,
    "major": 1,
    "minor": 0,
    "patch": 0,
    "version": Version {
      "build": undefined,
      "major": 1,
      "minor": 0,
      "patch": 0,
      "prerelease": undefined,
      "raw": "1.0.0",
    },
  },
}
`;
