// Vitest Snapshot v1, https://vitest.dev/guide/snapshot.html

exports[`render > text > render({ block: [Function: block], set: [Function: set], table: [Function: table], list...) 1`] = `
"
╔══════════════════════════════════════════════════╗ THEN RETURNS STRING
a  │ b 
───┼───
a1 │ b2
╚══════════════════════════════════════════════════╝"
`;

exports[`render > text > render({ block: [Function: block], set: [Function: set], table: [Function: table], list...) 2`] = `
"
╔══════════════════════════════════════════════════╗ THEN RETURNS STRING
a  │ b 
───┼───
a1 │ b2
╚══════════════════════════════════════════════════╝"
`;
